--------- beginning of main
02-21 22:10:42.696  1219  1240 E HeatmapThread: ECT Thread time in milliseconds: 1771722642
02-21 22:10:42.697  1219  1240 E HeatmapThread: !@Could not open '/efs/FactoryApp/bsoh', errno = 13
02-21 22:10:42.697  1219  1240 E HeatmapThread: !@ CAM Could not access BSOH EFS
02-21 22:10:42.697  1219  1240 E HeatmapThread: !@ CAM New BSOH: 0
02-21 22:10:43.696  1219  1240 E HeatmapThread: ECT Thread time in milliseconds: 1771722643
02-21 22:10:43.697  1219  1240 E HeatmapThread: !@Could not open '/efs/FactoryApp/bsoh', errno = 13
02-21 22:10:43.697  1219  1240 E HeatmapThread: !@ CAM Could not access BSOH EFS
02-21 22:10:43.697  1219  1240 E HeatmapThread: !@ CAM New BSOH: 0
02-21 22:10:44.696  1219  1240 E HeatmapThread: ECT Thread time in milliseconds: 1771722644
02-21 22:10:44.697  1219  1240 E HeatmapThread: !@Could not open '/efs/FactoryApp/bsoh', errno = 13
02-21 22:10:44.697  1219  1240 E HeatmapThread: !@ CAM Could not access BSOH EFS
02-21 22:10:44.698  1219  1240 E HeatmapThread: !@ CAM New BSOH: 0
02-21 22:10:45.696  1219  1240 E HeatmapThread: ECT Thread time in milliseconds: 1771722645
02-21 22:10:45.697  1219  1240 E HeatmapThread: !@Could not open '/efs/FactoryApp/bsoh', errno = 13
02-21 22:10:45.698  1219  1240 E HeatmapThread: !@ CAM Could not access BSOH EFS
02-21 22:10:45.698  1219  1240 E HeatmapThread: !@ CAM New BSOH: 0
02-21 22:10:46.696  1219  1240 E HeatmapThread: ECT Thread time in milliseconds: 1771722646
02-21 22:10:46.697  1219  1240 E HeatmapThread: !@Could not open '/efs/FactoryApp/bsoh', errno = 13
02-21 22:10:46.697  1219  1240 E HeatmapThread: !@ CAM Could not access BSOH EFS
02-21 22:10:46.697  1219  1240 E HeatmapThread: !@ CAM New BSOH: 0
02-21 22:10:47.696  1219  1240 E HeatmapThread: ECT Thread time in milliseconds: 1771722647
02-21 22:10:47.697  1219  1240 E HeatmapThread: !@Could not open '/efs/FactoryApp/bsoh', errno = 13
02-21 22:10:47.698  1219  1240 E HeatmapThread: !@ CAM Could not access BSOH EFS
02-21 22:10:47.698  1219  1240 E HeatmapThread: !@ CAM New BSOH: 0
02-21 22:10:48.696  1219  1240 E HeatmapThread: ECT Thread time in milliseconds: 1771722648
02-21 22:10:48.697  1219  1240 E HeatmapThread: !@Could not open '/efs/FactoryApp/bsoh', errno = 13
02-21 22:10:48.698  1219  1240 E HeatmapThread: !@ CAM Could not access BSOH EFS
02-21 22:10:48.698  1219  1240 E HeatmapThread: !@ CAM New BSOH: 0
02-21 22:10:49.696  1219  1240 E HeatmapThread: ECT Thread time in milliseconds: 1771722649
02-21 22:10:49.697  1219  1240 E HeatmapThread: !@Could not open '/efs/FactoryApp/bsoh', errno = 13
02-21 22:10:49.697  1219  1240 E HeatmapThread: !@ CAM Could not access BSOH EFS
02-21 22:10:49.697  1219  1240 E HeatmapThread: !@ CAM New BSOH: 0
02-21 22:10:50.696  1219  1240 E HeatmapThread: ECT Thread time in milliseconds: 1771722650
02-21 22:10:50.697  1219  1240 E HeatmapThread: !@Could not open '/efs/FactoryApp/bsoh', errno = 13
02-21 22:10:50.697  1219  1240 E HeatmapThread: !@ CAM Could not access BSOH EFS
02-21 22:10:50.698  1219  1240 E HeatmapThread: !@ CAM New BSOH: 0
02-21 22:10:51.696  1219  1240 E HeatmapThread: ECT Thread time in milliseconds: 1771722651
02-21 22:10:51.697  1219  1240 E HeatmapThread: !@Could not open '/efs/FactoryApp/bsoh', errno = 13
02-21 22:10:51.697  1219  1240 E HeatmapThread: !@ CAM Could not access BSOH EFS
02-21 22:10:51.698  1219  1240 E HeatmapThread: !@ CAM New BSOH: 0
02-21 22:10:52.696  1219  1240 E HeatmapThread: ECT Thread time in milliseconds: 1771722652
02-21 22:10:52.697  1219  1240 E HeatmapThread: !@Could not open '/efs/FactoryApp/bsoh', errno = 13
02-21 22:10:52.697  1219  1240 E HeatmapThread: !@ CAM Could not access BSOH EFS
02-21 22:10:52.697  1219  1240 E HeatmapThread: !@ CAM New BSOH: 0
